// Jest Snapshot v1, https://goo.gl/fbAQLP

exports[`<Settings/> it should remain stable (snapshot test) 1`] = `
<div
  className="MuiContainer-root makeStyles-container-5 MuiContainer-maxWidthLg"
  data-testid="settings"
>
  <h3
    className="MuiTypography-root MuiTypography-body1"
  >
    General filter settings
  </h3>
  <div
    className="MuiFormControl-root makeStyles-formControl-6"
  >
    <label
      className="MuiFormLabel-root MuiInputLabel-root MuiInputLabel-formControl MuiInputLabel-animated MuiInputLabel-shrink MuiFormLabel-filled"
      data-shrink={true}
      id="nationalities-select-label"
    >
      Nationalities
    </label>
    <div
      className="MuiInputBase-root MuiInput-root MuiInput-underline MuiInputBase-formControl MuiInput-formControl"
      data-testid="nationalities-select"
      onClick={[Function]}
    >
      <div
        aria-haspopup="listbox"
        aria-labelledby="nationalities-select-label nationalities-select-checkbox"
        className="MuiSelect-root MuiSelect-select MuiSelect-selectMenu MuiInputBase-input MuiInput-input"
        id="nationalities-select-checkbox"
        onBlur={[Function]}
        onFocus={[Function]}
        onKeyDown={[Function]}
        onMouseDown={[Function]}
        role="button"
        tabIndex={0}
      >
        CH, ES, FR, GB
      </div>
      <input
        aria-hidden={true}
        className="MuiSelect-nativeInput"
        onAnimationStart={[Function]}
        onChange={[Function]}
        required={false}
        tabIndex={-1}
        value="CH,ES,FR,GB"
      />
      <svg
        aria-hidden={true}
        className="MuiSvgIcon-root MuiSelect-icon"
        focusable="false"
        viewBox="0 0 24 24"
      >
        <path
          d="M7 10l5 5 5-5z"
        />
      </svg>
    </div>
  </div>
</div>
`;
